
> frontend@0.0.0 build
> vite build

[36mvite v7.1.5 [32mbuilding for production...[36m[39m
transforming...
node.exe : Browserslist: 
browsers data (caniuse-lite) 
is 9 months old. Please run:
At C:\Program 
Files\nodejs\npm.ps1:29 
char:3
+   & $NODE_EXE $NPM_CLI_JS 
$args
+   
~~~~~~~~~~~~~~~~~~~~~~~~~~~~~
    + CategoryInfo           
   : NotSpecified: (Browser  
  slist: b...ld. Please ru   
 n::String) [], RemoteExc    
eption
    + FullyQualifiedErrorId  
   : NativeCommandError
 
  npx 
update-browserslist-db@latest
  Why you should do it 
regularly: https://github.com
/browserslist/update-db#readm
e
[32mÔ£ô[39m 85 modules transformed.
rendering chunks...
computing gzip size...
[2mdist/[22m[32mindex.html                 [39m[1m[2m  0.72 kB[22m[1m[22m[2m Ôöé gzip:   0.45 kB[22m
[2mdist/[22m[35massets/index-CFNu8M24.css  [39m[1m[2m 24.74 kB[22m[1m[22m[2m Ôöé gzip:   4.58 kB[22m
[2mdist/[22m[36massets/index-JF0oHR6z.js   [39m[1m[2m417.96 kB[22m[1m[22m[2m Ôöé gzip: 120.12 kB[22m
[32mÔ£ô built in 11.06s[39m
